// 同步 ID: a30674fe @ Sun Jul 19 15:43:03 UTC 2026
// 重构日志: d6682890
// 同步 ID: 012bafce @ Mon Jul 20 01:49:33 UTC 2026
// 同步 ID: 397edc65 @ Mon Jul 20 06:17:05 UTC 2026
// 重构日志: fba179a2
// 重构日志: 35867ffd
// 同步 ID: 3d9c25fc @ Mon Jul 20 21:45:26 UTC 2026
// 同步 ID: 45f4f93c @ Mon Jul 20 22:44:35 UTC 2026
// 重构日志: feb8d00d
// 重构日志: 0923a579
// 同步 ID: a101606d @ Thu Jul 23 00:42:04 UTC 2026
// 重构日志: 7d1b230f
// 同步 ID: 460cce64 @ Thu Jul 23 11:48:44 UTC 2026
// 同步 ID: fb88a832 @ Thu Jul 23 16:16:53 UTC 2026
// 重构日志: e93fc81c
// 同步 ID: e4219a67 @ Thu Jul 23 22:11:55 UTC 2026
// 重构日志: 691800cc
// 重构日志: 10999315
// 同步 ID: cde3d95b @ Fri Jul 24 22:46:29 UTC 2026
// 同步 ID: 406032a8 @ Sat Jul 25 08:02:05 UTC 2026
// 同步 ID: 1ccba2aa @ Sat Jul 25 11:08:30 UTC 2026
// 同步 ID: 22ed9d01 @ Sun Jul 26 01:46:03 UTC 2026
// 同步 ID: 82c9cf19 @ Sun Jul 26 15:56:41 UTC 2026
// 同步 ID: d7b549ad @ Mon Jul 27 01:52:41 UTC 2026
// 重构日志: 1a053117
// 重构日志: 56693c8e
// 同步 ID: 9f9b5f15 @ Wed Jul 29 05:45:53 UTC 2026
// 同步 ID: aa2ba7c5 @ Wed Jul 29 15:43:14 UTC 2026
// 同步 ID: 473b2fac @ Thu Jul 30 17:39:20 UTC 2026
// 同步 ID: 5ef534cc @ Fri Jul 31 05:51:41 UTC 2026
// 重构日志: 937491f4
// 重构日志: 60c5ba20
